::1 - - [30/Jul/2026 19:01:10] "GET /gallery/index.html HTTP/1.1" 200 -
::1 - - [30/Jul/2026 19:02:00] "GET /gallery/index.html HTTP/1.1" 200 -
::1 - - [30/Jul/2026 19:02:00] code 404, message File not found
::1 - - [30/Jul/2026 19:02:00] "GET /favicon.ico HTTP/1.1" 404 -
::1 - - [30/Jul/2026 19:02:04] "GET /gallery/inference-paths.html HTTP/1.1" 200 -
::1 - - [30/Jul/2026 19:06:43] "GET /gallery/index.html HTTP/1.1" 304 -
::1 - - [30/Jul/2026 19:06:45] "GET /runs/20260723_203040_experiment56/worked/frame.png HTTP/1.1" 200 -
::1 - - [30/Jul/2026 19:06:45] "GET /runs/20260723_203040_experiment56/worked/map.png HTTP/1.1" 200 -
::1 - - [30/Jul/2026 19:06:49] "GET /runs/20260721_210436_iter5/worked/map.png HTTP/1.1" 200 -
::1 - - [30/Jul/2026 19:06:49] "GET /runs/20260721_210436_iter5/worked/frame.png HTTP/1.1" 200 -
::1 - - [30/Jul/2026 19:06:50] "GET /runs/20260721_220905_iter6/worked/frame.png HTTP/1.1" 200 -
::1 - - [30/Jul/2026 19:06:50] "GET /runs/20260721_220905_iter6/worked/map.png HTTP/1.1" 200 -
::1 - - [30/Jul/2026 19:07:04] "GET /runs/20260721_201958_iter4/worked/frame.png HTTP/1.1" 200 -
::1 - - [30/Jul/2026 19:07:04] "GET /runs/20260721_201958_iter4/worked/map.png HTTP/1.1" 200 -
::1 - - [30/Jul/2026 19:08:16] "GET /gallery/inference-paths.html HTTP/1.1" 304 -
::1 - - [30/Jul/2026 19:09:42] "GET /gallery/inference-paths.html HTTP/1.1" 304 -
::1 - - [30/Jul/2026 19:47:15] "GET /gallery/inference-paths.html HTTP/1.1" 304 -
::1 - - [30/Jul/2026 19:49:09] "GET /gallery/inference-paths.html HTTP/1.1" 304 -
::1 - - [30/Jul/2026 19:49:14] "GET /index.html HTTP/1.1" 200 -
::1 - - [30/Jul/2026 19:49:57] "GET /index.html HTTP/1.1" 304 -
::1 - - [30/Jul/2026 19:50:01] "GET /gallery/index.html HTTP/1.1" 304 -
::1 - - [30/Jul/2026 19:50:01] "GET /gallery/index.html?v=1785431727 HTTP/1.1" 200 -
::1 - - [30/Jul/2026 19:50:57] "GET /gallery/index.html?v=1785431727 HTTP/1.1" 200 -
::1 - - [30/Jul/2026 19:51:07] "GET /gallery/research-lineage.html HTTP/1.1" 200 -
::1 - - [30/Jul/2026 19:51:13] "GET /gallery/index.html?nocache=12345 HTTP/1.1" 200 -
::1 - - [30/Jul/2026 19:51:52] "GET /gallery/inference-paths.html?nc=2 HTTP/1.1" 200 -
::1 - - [30/Jul/2026 20:02:02] "GET /gallery/index.html HTTP/1.1" 200 -
::1 - - [30/Jul/2026 20:02:07] "GET /runs/20260722_203410_iter2/worked/frame.png HTTP/1.1" 200 -
::1 - - [30/Jul/2026 20:02:07] "GET /runs/20260722_203410_iter2/worked/map.png HTTP/1.1" 200 -
::1 - - [30/Jul/2026 20:02:12] "GET /runs/20260723_005125_iter5/worked/frame.png HTTP/1.1" 200 -
::1 - - [30/Jul/2026 20:02:12] "GET /runs/20260723_005125_iter5/worked/map.png HTTP/1.1" 200 -
::1 - - [30/Jul/2026 20:02:54] "GET /gallery/index.html HTTP/1.1" 304 -
::1 - - [30/Jul/2026 20:03:00] "GET /gallery/inference-paths.html?nc=2 HTTP/1.1" 304 -
::1 - - [30/Jul/2026 20:03:09] "GET /index.html HTTP/1.1" 200 -
::1 - - [30/Jul/2026 20:03:13] "GET /gallery/research-lineage.html HTTP/1.1" 304 -
::1 - - [30/Jul/2026 20:11:44] "GET /gallery/research-lineage.html HTTP/1.1" 304 -
::1 - - [30/Jul/2026 20:24:19] "GET /gallery/research-lineage.html HTTP/1.1" 304 -
::1 - - [30/Jul/2026 20:24:22] "GET /gallery/inference-paths.html HTTP/1.1" 200 -
::1 - - [30/Jul/2026 20:24:23] "GET /gallery/index.html HTTP/1.1" 304 -
