wrote side_track/profile/berlin_train_info.json
{
  "area": "berlin",
  "n_train_crops": 36000,
  "epochs": 1,
  "device": "cuda",
  "train_seconds": 334.6,
  "onnx_bytes": 3302662,
  "total_epochs_run": 3,
  "timing_breakdown": {
    "setup": 3.66,
    "render_prep": 0.0,
    "sample_epoch": 262.19,
    "transfer": 3.73,
    "forward_backward": 48.49,
    "calibrate": 14.84,
    "export": 0.58
  },
  "conf_shift": -1.377130150794983,
  "cal_logit_threshold": -2.22432804107666,
  "cal_keep_rate_per_bucket": {
    "morning": 0.7975,
    "midday": 0.765,
    "afternoon": 0.7675,
    "early_evening": 0.7875,
    "evening": 0.6275,
    "night": 0.4
  }
}
